================================================================================
COMPREHENSIVE RECTANGULAR MATMUL TEST SUITE
================================================================================
Test Config: /workspace/PyTorchSim/configs/systolic_ws_128x128_c1_imem_wmem_omem_64kb.yml
Docker Image: ghcr.io/psal-postech/torchsim-ci:v1.1.0

Test Matrix:
  1-5: Previously FAILING (now expect PASS)
  6-10: Previously PASSING (regression check)

================================================================================

================================================================================
[TEST 1/10] 128x256x256 (128×256×256)
================================================================================
[PRIORITY FIX] Previously failing

✓ PASSED

================================================================================
[TEST 2/10] 256x512x256 (256×512×256)
================================================================================
[PRIORITY FIX] Previously failing

✓ PASSED

================================================================================
[TEST 3/10] 512x256x256 (512×256×256)
================================================================================
[PRIORITY FIX] Previously failing

✓ PASSED

================================================================================
[TEST 4/10] 128x128x1 (128×128×1)
================================================================================
[PRIORITY FIX] Previously failing

✓ PASSED

================================================================================
[TEST 5/10] 3x256x128 (3×256×128)
================================================================================
[PRIORITY FIX] Previously failing

